stm32f4xx_it.c:76:6:NMI_Handler	4	static
stm32f4xx_it.c:89:6:HardFault_Handler	4	static
stm32f4xx_it.c:104:6:MemManage_Handler	4	static
stm32f4xx_it.c:119:6:BusFault_Handler	4	static
stm32f4xx_it.c:134:6:UsageFault_Handler	4	static
stm32f4xx_it.c:149:6:DebugMon_Handler	4	static
stm32f4xx_it.c:162:6:SysTick_Handler	8	static
stm32f4xx_it.c:184:6:USART1_IRQHandler	8	static
stm32f4xx_it.c:198:6:SDIO_IRQHandler	8	static
stm32f4xx_it.c:212:6:DMA2_Stream2_IRQHandler	8	static
stm32f4xx_it.c:226:6:DMA2_Stream3_IRQHandler	8	static
stm32f4xx_it.c:240:6:DMA2_Stream6_IRQHandler	8	static
stm32f4xx_it.c:254:6:DMA2_Stream7_IRQHandler	8	static
